[20-Sep-2025 03:42:30 UTC] PHP Fatal error:  Uncaught Error: Call to undefined function require_auth_api() in /home/u695435470/domains/atiscsl.esy.es/public_html/unificado/api/pecos_get.php:18
Stack trace:
#0 {main}
  thrown in /home/u695435470/domains/atiscsl.esy.es/public_html/unificado/api/pecos_get.php on line 18
[20-Sep-2025 03:42:30 UTC] PHP Fatal error:  Uncaught Error: Call to undefined function require_auth_api() in /home/u695435470/domains/atiscsl.esy.es/public_html/unificado/api/txt_get.php:18
Stack trace:
#0 {main}
  thrown in /home/u695435470/domains/atiscsl.esy.es/public_html/unificado/api/txt_get.php on line 18
[20-Sep-2025 03:42:31 UTC] PHP Fatal error:  Uncaught Error: Call to undefined function require_auth_api() in /home/u695435470/domains/atiscsl.esy.es/public_html/unificado/api/pecos_get.php:18
Stack trace:
#0 {main}
  thrown in /home/u695435470/domains/atiscsl.esy.es/public_html/unificado/api/pecos_get.php on line 18
[20-Sep-2025 03:42:31 UTC] PHP Fatal error:  Uncaught Error: Call to undefined function require_auth_api() in /home/u695435470/domains/atiscsl.esy.es/public_html/unificado/api/txt_get.php:18
Stack trace:
#0 {main}
  thrown in /home/u695435470/domains/atiscsl.esy.es/public_html/unificado/api/txt_get.php on line 18
[20-Sep-2025 03:42:39 UTC] PHP Fatal error:  Uncaught Error: Call to undefined function require_auth_api() in /home/u695435470/domains/atiscsl.esy.es/public_html/unificado/api/pecos_get.php:18
Stack trace:
#0 {main}
  thrown in /home/u695435470/domains/atiscsl.esy.es/public_html/unificado/api/pecos_get.php on line 18
[20-Sep-2025 03:42:39 UTC] PHP Fatal error:  Uncaught Error: Call to undefined function require_auth_api() in /home/u695435470/domains/atiscsl.esy.es/public_html/unificado/api/txt_get.php:18
Stack trace:
#0 {main}
  thrown in /home/u695435470/domains/atiscsl.esy.es/public_html/unificado/api/txt_get.php on line 18
[20-Sep-2025 03:42:40 UTC] PHP Fatal error:  Uncaught Error: Call to undefined function require_auth_api() in /home/u695435470/domains/atiscsl.esy.es/public_html/unificado/api/pecos_get.php:18
Stack trace:
#0 {main}
  thrown in /home/u695435470/domains/atiscsl.esy.es/public_html/unificado/api/pecos_get.php on line 18
[20-Sep-2025 03:42:40 UTC] PHP Fatal error:  Uncaught Error: Call to undefined function require_auth_api() in /home/u695435470/domains/atiscsl.esy.es/public_html/unificado/api/txt_get.php:18
Stack trace:
#0 {main}
  thrown in /home/u695435470/domains/atiscsl.esy.es/public_html/unificado/api/txt_get.php on line 18
[20-Sep-2025 06:10:54 UTC] PHP Fatal error:  Uncaught Error: Call to undefined function require_auth_api() in /home/u695435470/domains/atiscsl.esy.es/public_html/unificado/api/txt_get.php:18
Stack trace:
#0 {main}
  thrown in /home/u695435470/domains/atiscsl.esy.es/public_html/unificado/api/txt_get.php on line 18
[20-Sep-2025 06:10:54 UTC] PHP Fatal error:  Uncaught Error: Call to undefined function require_auth_api() in /home/u695435470/domains/atiscsl.esy.es/public_html/unificado/api/pecos_get.php:18
Stack trace:
#0 {main}
  thrown in /home/u695435470/domains/atiscsl.esy.es/public_html/unificado/api/pecos_get.php on line 18
[20-Sep-2025 06:10:59 UTC] PHP Fatal error:  Uncaught Error: Call to undefined function require_auth_api() in /home/u695435470/domains/atiscsl.esy.es/public_html/unificado/api/txt_get.php:18
Stack trace:
#0 {main}
  thrown in /home/u695435470/domains/atiscsl.esy.es/public_html/unificado/api/txt_get.php on line 18
[20-Sep-2025 06:10:59 UTC] PHP Fatal error:  Uncaught Error: Call to undefined function require_auth_api() in /home/u695435470/domains/atiscsl.esy.es/public_html/unificado/api/pecos_get.php:18
Stack trace:
#0 {main}
  thrown in /home/u695435470/domains/atiscsl.esy.es/public_html/unificado/api/pecos_get.php on line 18
[20-Sep-2025 06:13:55 UTC] PHP Fatal error:  Uncaught Error: Call to undefined function require_auth_api() in /home/u695435470/domains/atiscsl.esy.es/public_html/unificado/api/pecos_get.php:18
Stack trace:
#0 {main}
  thrown in /home/u695435470/domains/atiscsl.esy.es/public_html/unificado/api/pecos_get.php on line 18
[20-Sep-2025 06:13:55 UTC] PHP Fatal error:  Uncaught Error: Call to undefined function require_auth_api() in /home/u695435470/domains/atiscsl.esy.es/public_html/unificado/api/txt_get.php:18
Stack trace:
#0 {main}
  thrown in /home/u695435470/domains/atiscsl.esy.es/public_html/unificado/api/txt_get.php on line 18
[20-Sep-2025 06:14:04 UTC] PHP Fatal error:  Uncaught Error: Call to undefined function require_auth_api() in /home/u695435470/domains/atiscsl.esy.es/public_html/unificado/api/txt_get.php:18
Stack trace:
#0 {main}
  thrown in /home/u695435470/domains/atiscsl.esy.es/public_html/unificado/api/txt_get.php on line 18
[20-Sep-2025 06:14:04 UTC] PHP Fatal error:  Uncaught Error: Call to undefined function require_auth_api() in /home/u695435470/domains/atiscsl.esy.es/public_html/unificado/api/pecos_get.php:18
Stack trace:
#0 {main}
  thrown in /home/u695435470/domains/atiscsl.esy.es/public_html/unificado/api/pecos_get.php on line 18
[20-Sep-2025 06:14:06 UTC] PHP Fatal error:  Uncaught Error: Call to undefined function require_auth_api() in /home/u695435470/domains/atiscsl.esy.es/public_html/unificado/api/pecos_get.php:18
Stack trace:
#0 {main}
  thrown in /home/u695435470/domains/atiscsl.esy.es/public_html/unificado/api/pecos_get.php on line 18
[20-Sep-2025 06:14:06 UTC] PHP Fatal error:  Uncaught Error: Call to undefined function require_auth_api() in /home/u695435470/domains/atiscsl.esy.es/public_html/unificado/api/txt_get.php:18
Stack trace:
#0 {main}
  thrown in /home/u695435470/domains/atiscsl.esy.es/public_html/unificado/api/txt_get.php on line 18
